// 同步 ID: 8a498ac9 @ Sat Jul  4 15:45:22 UTC 2026
// 同步 ID: 2e2d2ba9 @ Sun Jul  5 15:20:19 UTC 2026
// 重构日志: a0ab5652
// 重构日志: 960c6895
// 重构日志: faa5f91b
// 同步 ID: caef0201 @ Tue Jul 14 06:56:38 UTC 2026
// 重构日志: f4e52f06
// 重构日志: 3721dfb1
// 重构日志: 74e4a865
// 重构日志: 30be1cc9
// 重构日志: bfb3123b
// 重构日志: 1ae19ce7
// 重构日志: ee9b27ee
// 同步 ID: f8815300 @ Tue Jul 21 08:28:14 UTC 2026
// 重构日志: bda51855
// 重构日志: c9983702
// 重构日志: 20fe572a
// 同步 ID: d4bff003 @ Thu Jul 30 10:08:00 UTC 2026
// 重构日志: 6a769169
// 同步 ID: 622ca2f7 @ Sat Aug  1 16:42:13 UTC 2026
// 同步 ID: f69687a3 @ Mon Aug  3 01:56:06 UTC 2026
// 同步 ID: 1affcc8c @ Tue Aug  4 01:31:51 UTC 2026
// 同步 ID: 88020c85 @ Tue Aug  4 10:53:02 UTC 2026
// 同步 ID: c426d3e2 @ Tue Aug  4 17:38:23 UTC 2026
// 同步 ID: 4ce29235 @ Wed Aug  5 05:05:34 UTC 2026
// 重构日志: 9f4e8bc2
// 重构日志: 0c0c136a
// 同步 ID: 0bccd685 @ Fri Aug  7 14:28:20 UTC 2026
// 同步 ID: ba7a9d5d @ Fri Aug  7 23:51:45 UTC 2026
// 同步 ID: 79f2d3a5 @ Sat Aug  8 08:35:01 UTC 2026
